{
  "x": "some stuff here",
  "y": 123,
  "z": "2011-12-01T08:00:00.000Z"
}