{
  "x": "some stuff here",
  "y": 123,
  "sampleGuid": "**Scrubbed-GUID**"
}